// Jest Snapshot v1, https://goo.gl/fbAQLP

exports[`DonationOverlay tests basic tests matches the snapshot 1`] = `
<div
  className="sc-bdVaJa kZAgjJ"
>
  <div
    className="sc-bwzfXH jlhHYx"
    id="donationoverlay"
  >
    <button
      className="sc-gqjmRU kNNEtZ"
    >
      <svg
        aria-hidden="true"
        className="sc-hqyNC kaVRzO"
        focusable="false"
        viewBox="0 0 32 32"
      >
        <path
          d="M16 3a13 13 0 1 0 13 13A13 13 0 0 0 16 3zm0 24a11 11 0 1 1 11-11 11 11 0 0 1-11 11z"
        />
        <path
          d="M20.71 11.29a1 1 0 0 0-1.42 0L16 14.59l-3.29-3.3a1 1 0 0 0-1.42 1.42l3.3 3.29-3.3 3.29a1 1 0 0 0 0 1.42 1 1 0 0 0 1.42 0l3.29-3.3 3.29 3.3a1 1 0 0 0 1.42 0 1 1 0 0 0 0-1.42L17.41 16l3.3-3.29a1 1 0 0 0 0-1.42z"
        />
      </svg>
    </button>
    <div
      className="sc-ifAKCX kXFzZl"
    >
      <div
        className="sc-iwsKbI eFkeQx"
      >
        <span
          className="sc-gZMcBi bgarMS"
        >
          <svg
            aria-hidden="true"
            className="sc-hqyNC kaVRzO"
            focusable="false"
            viewBox="0 0 32 32"
          >
            <path
              d="M16 3a13 13 0 1 0 13 13A13 13 0 0 0 16 3zm0 24a11 11 0 1 1 11-11 11 11 0 0 1-11 11z"
            />
            <path
              d="M20.71 11.29a1 1 0 0 0-1.42 0L16 14.59l-3.29-3.3a1 1 0 0 0-1.42 1.42l3.3 3.29-3.3 3.29a1 1 0 0 0 0 1.42 1 1 0 0 0 1.42 0l3.29-3.3 3.29 3.3a1 1 0 0 0 1.42 0 1 1 0 0 0 0-1.42L17.41 16l3.3-3.29a1 1 0 0 0 0-1.42z"
            />
          </svg>
        </span>
        <span
          className="sc-VigVT kZoiOY"
        >
          MISSING: uhOh
        </span>
        <span
          className="sc-jTzLTM dnlDZi"
        >
          MISSING: donationFailureMsg
        </span>
      </div>
    </div>
  </div>
</div>
`;
